
tgoku@GOKUL MINGW64 ~
$ cd ~/GitDemo

tgoku@GOKUL MINGW64 ~/GitDemo (main)
$ git status
On branch main
Your branch is ahead of 'origin/main' by 1 commit.
  (use "git push" to publish your local commits)

Untracked files:
  (use "git add <file>..." to include in what will be committed)
        .hello.xml.swp
        .hello_LOCAL_434.xml.swp
        .hello_REMOTE_434.xml.swp
        hello_BACKUP_434.xml
        hello_BASE_434.xml
        hello_LOCAL_434.xml
        hello_REMOTE_434.xml

nothing added to commit but untracked files present (use "git add" to track)

tgoku@GOKUL MINGW64 ~/GitDemo (main)
$ git checkout -b GitWork
fatal: a branch named 'GitWork' already exists

tgoku@GOKUL MINGW64 ~/GitDemo (main)
$ ^C

tgoku@GOKUL MINGW64 ~/GitDemo (main)
$ git checkout GitWork
Switched to branch 'GitWork'

tgoku@GOKUL MINGW64 ~/GitDemo (GitWork)
$ git status
On branch GitWork
Untracked files:
  (use "git add <file>..." to include in what will be committed)
        .hello.xml.swp
        .hello_LOCAL_434.xml.swp
        .hello_REMOTE_434.xml.swp
        hello_BACKUP_434.xml
        hello_BASE_434.xml
        hello_LOCAL_434.xml
        hello_REMOTE_434.xml
        log/
        sample.log

nothing added to commit but untracked files present (use "git add" to track)

tgoku@GOKUL MINGW64 ~/GitDemo (GitWork)
$ echo "*.swp">>.gitignore

tgoku@GOKUL MINGW64 ~/GitDemo (GitWork)
$ echo "*_BACKUP_*.xml">> .gitignore

tgoku@GOKUL MINGW64 ~/GitDemo (GitWork)
$ echo "*_LOCAL_*.xml">> .gitignore

tgoku@GOKUL MINGW64 ~/GitDemo (GitWork)
$ echo "*_REMOTE_*.xml" >> .gitignore

tgoku@GOKUL MINGW64 ~/GitDemo (GitWork)
$ echo "*_BASE_*.xml">> .gitignore

tgoku@GOKUL MINGW64 ~/GitDemo (GitWork)
$ git add .gitignore
warning: in the working copy of '.gitignore', LF will be replaced by CRLF the next time Git touches it

tgoku@GOKUL MINGW64 ~/GitDemo (GitWork)
$ git commit -m "Add swap and backup files to .gitignore"
[GitWork b8e863e] Add swap and backup files to .gitignore
 1 file changed, 5 insertions(+)
 create mode 100644 .gitignore

tgoku@GOKUL MINGW64 ~/GitDemo (GitWork)
$ rm .*.swp

tgoku@GOKUL MINGW64 ~/GitDemo (GitWork)
$ rm hello_BACKUP_434.xml

tgoku@GOKUL MINGW64 ~/GitDemo (GitWork)
$ rm hello_LOCAL_434.xml

tgoku@GOKUL MINGW64 ~/GitDemo (GitWork)
$ rm hello_REMOTE_434.xml

tgoku@GOKUL MINGW64 ~/GitDemo (GitWork)
$ rm hello_BASE_434.xml

tgoku@GOKUL MINGW64 ~/GitDemo (GitWork)
$ ^C

tgoku@GOKUL MINGW64 ~/GitDemo (GitWork)
$ echo "<message>Hello from GitWork branch</message>" > hello.xml

tgoku@GOKUL MINGW64 ~/GitDemo (GitWork)
$ git add hello.xml
warning: in the working copy of 'hello.xml', LF will be replaced by CRLF the next time Git touches it

tgoku@GOKUL MINGW64 ~/GitDemo (GitWork)
$ git commit -m "Add hello.xml in GitWork branch"
On branch GitWork
Untracked files:
  (use "git add <file>..." to include in what will be committed)
        log/
        sample.log

nothing added to commit but untracked files present (use "git add" to track)

tgoku@GOKUL MINGW64 ~/GitDemo (GitWork)
$ git checkout main
Switched to branch 'main'
Your branch is ahead of 'origin/main' by 1 commit.
  (use "git push" to publish your local commits)

tgoku@GOKUL MINGW64 ~/GitDemo (main)
$ echo "<message>Hello from main branch</message>" > hello.xml

tgoku@GOKUL MINGW64 ~/GitDemo (main)
$ git add hello.xml
warning: in the working copy of 'hello.xml', LF will be replaced by CRLF the next time Git touches it

tgoku@GOKUL MINGW64 ~/GitDemo (main)
$ git commit -m "Add hello.xml in main branch"
On branch main
Your branch is ahead of 'origin/main' by 1 commit.
  (use "git push" to publish your local commits)

nothing to commit, working tree clean

tgoku@GOKUL MINGW64 ~/GitDemo (main)
$ git log --oneline --graph --decorate --all
* b8e863e (GitWork) Add swap and backup files to .gitignore
* 594d05e Add hello.xml in GitWork branch
* e5cc9b2 Add hello.xml in GitWork branch
| * ccead1b (HEAD -> main) Add hello.xml in main branch with different content
| * 6514ece (origin/main) Add newfeature.txt in GitNewBranch
| * 46d4e42 Add .gitignore to ignore .log files and log folder
| * 77e4f9e Merge branch 'main' of https://gitlab.com/tgokul02005/gitdemo merge remote main into local main
|/|
| * 3c78a39 Initial commit
| * f949005 (master) Add hello.xml in master branch with different content
|/
* 2cb196a (origin/master) Add welcome.txt file

tgoku@GOKUL MINGW64 ~/GitDemo (main)
$ git merge GitWork









This message is displayed because 'merge.tool' is not configured.
See 'git mergetool --tool-help' or 'git help config' for more details.
'git mergetool' will now attempt to use one of the following tools:
opendiff kdiff3 tkdiff xxdiff meld tortoisemerge gvimdiff diffuse diffmerge ecmerge p4merge araxis bc codecompare smerge emerge vimdiff nvimdiff
Merging:
.gitignore
hello.xml

Normal merge conflict for '.gitignore':
  {local}: created file
  {remote}: created file
Hit return to start merge resolution tool (vimdiff):
3 files to edit

Normal merge conflict for 'hello.xml':
  {local}: created file
  {remote}: created file
Hit return to start merge resolution tool (vimdiff):
3 files to edit

tgoku@GOKUL MINGW64 ~/GitDemo (main|MERGING)
$ git add .gitignore hello.xml

tgoku@GOKUL MINGW64 ~/GitDemo (main|MERGING)
$ git commit
[main efa3fd3] Merge branch 'GitWork',

tgoku@GOKUL MINGW64 ~/GitDemo (main)
$ git add hello.xml

tgoku@GOKUL MINGW64 ~/GitDemo (main)
$ git commit -m " resolved merge conflict between main and gitwork"
On branch main
Your branch is ahead of 'origin/main' by 5 commits.
  (use "git push" to publish your local commits)

Untracked files:
  (use "git add <file>..." to include in what will be committed)
        .gitignore.orig
        hello.xml.orig

nothing added to commit but untracked files present (use "git add" to track)

tgoku@GOKUL MINGW64 ~/GitDemo (main)
$ git log --oneline --graph --decorate
*   efa3fd3 (HEAD -> main) Merge branch 'GitWork',
|\
| * b8e863e (GitWork) Add swap and backup files to .gitignore
| * 594d05e Add hello.xml in GitWork branch
| * e5cc9b2 Add hello.xml in GitWork branch
* | ccead1b Add hello.xml in main branch with different content
* | 6514ece (origin/main) Add newfeature.txt in GitNewBranch
* | 46d4e42 Add .gitignore to ignore .log files and log folder
* |   77e4f9e Merge branch 'main' of https://gitlab.com/tgokul02005/gitdemo merge remote main into local main
|\ \
| |/
|/|
| * 3c78a39 Initial commit
* 2cb196a (origin/master) Add welcome.txt file

tgoku@GOKUL MINGW64 ~/GitDemo (main)
$ ^C

tgoku@GOKUL MINGW64 ~/GitDemo (main)
$
