
tgoku@GOKUL MINGW64 ~
$ cd ~/GitDemo

tgoku@GOKUL MINGW64 ~/GitDemo (main)
$ git status
On branch main
Your branch is ahead of 'origin/main' by 5 commits.
  (use "git push" to publish your local commits)

Untracked files:
  (use "git add <file>..." to include in what will be committed)
        .gitignore.orig
        hello.xml.orig

nothing added to commit but untracked files present (use "git add" to track)

tgoku@GOKUL MINGW64 ~/GitDemo (main)
$ git branch --show-current
main

tgoku@GOKUL MINGW64 ~/GitDemo (main)
$ ^C

tgoku@GOKUL MINGW64 ~/GitDemo (main)
$ git add .gitignore.orig hello.xml.orig

tgoku@GOKUL MINGW64 ~/GitDemo (main)
$ git commit -m "Add .gitignore.orig and hello.xml.orig"
[main a70f12f] Add .gitignore.orig and hello.xml.orig
 2 files changed, 15 insertions(+)
 create mode 100644 .gitignore.orig
 create mode 100644 hello.xml.orig

tgoku@GOKUL MINGW64 ~/GitDemo (main)
$ ^C

tgoku@GOKUL MINGW64 ~/GitDemo (main)
$ git push origin main
Enumerating objects: 21, done.
Counting objects: 100% (21/21), done.
Delta compression using up to 8 threads
Compressing objects: 100% (15/15), done.
Writing objects: 100% (18/18), 1.91 KiB | 651.00 KiB/s, done.
Total 18 (delta 3), reused 0 (delta 0), pack-reused 0 (from 0)
To https://gitlab.com/tgokul02005/gitdemo.git
   6514ece..a70f12f  main -> main

tgoku@GOKUL MINGW64 ~/GitDemo (main)
$ git fetch origin

tgoku@GOKUL MINGW64 ~/GitDemo (main)
$ git log origin/main --oneline -n 5
a70f12f (HEAD -> main, origin/main, origin/HEAD) Add .gitignore.orig and hello.xml.orig
efa3fd3 Merge branch 'GitWork',
b8e863e (GitWork) Add swap and backup files to .gitignore
ccead1b Add hello.xml in main branch with different content
594d05e Add hello.xml in GitWork branch

tgoku@GOKUL MINGW64 ~/GitDemo (main)
$ git branch -a
  GitWork
* main
  master
  remotes/origin/HEAD -> origin/main
  remotes/origin/main
  remotes/origin/master

tgoku@GOKUL MINGW64 ~/GitDemo (main)
$
